E:\git\gitlab4>cd ..

E:\git>mkdir gitlab5

E:\git>cd gitlab5

E:\git\gitlab5>git clone https://github.com/Bikesh-1/git-partices.git
Cloning into 'git-partices'...
remote: Enumerating objects: 3, done.
remote: Counting objects: 100% (3/3), done.
remote: Total 3 (delta 0), reused 0 (delta 0), pack-reused 0 (from 0)
Receiving objects: 100% (3/3), done.

E:\git\gitlab5>cd git-partices

E:\git\gitlab5\git-partices>git checkout -b fb1
Switched to a new branch 'fb1'

E:\git\gitlab5\git-partices>git fetch origin

E:\git\gitlab5\git-partices>git fetch origin

E:\git\gitlab5\git-partices>git fetch origin

E:\git\gitlab5\git-partices>git rebase origin/main
error: cannot rebase: You have unstaged changes.
error: Please commit or stash them.

E:\git\gitlab5\git-partices>git add .

E:\git\gitlab5\git-partices>git commit -m "fetching"
[fb1 d734017] fetching
 2 files changed, 4 insertions(+), 1 deletion(-)
 create mode 100644 lab5txt.txt

E:\git\gitlab5\git-partices>git fetch origin

E:\git\gitlab5\git-partices>git rebase origin/main
Current branch fb1 is up to date.

E:\git\gitlab5\git-partices>git fetch origin main
From https://github.com/Bikesh-1/git-partices
 * branch            main       -> FETCH_HEAD

E:\git\gitlab5\git-partices>git rebase origin/main
Current branch fb1 is up to date.

E:\git\gitlab5\git-partices>git add .

E:\git\gitlab5\git-partices>git commit -m"added new line in local"
[fb1 1080c64] added new line in local
 1 file changed, 3 insertions(+), 1 deletion(-)

E:\git\gitlab5\git-partices>git fetch origin

E:\git\gitlab5\git-partices>git rebase origin/main
Current branch fb1 is up to date.

E:\git\gitlab5\git-partices>git rebase --continue
fatal: no rebase in progress

E:\git\gitlab5\git-partices>git add .

E:\git\gitlab5\git-partices>git rebase --continue
fatal: no rebase in progress

E:\git\gitlab5\git-partices>git push origin fb1
Enumerating objects: 9, done.
Counting objects: 100% (9/9), done.
Delta compression using up to 8 threads
Compressing objects: 100% (5/5), done.
Writing objects: 100% (7/7), 656 bytes | 218.00 KiB/s, done.
Total 7 (delta 0), reused 0 (delta 0), pack-reused 0 (from 0)
remote:
remote: Create a pull request for 'fb1' on GitHub by visiting:
remote:      https://github.com/Bikesh-1/git-partices/pull/new/fb1
remote:
To https://github.com/Bikesh-1/git-partices.git
 * [new branch]      fb1 -> fb1

E:\git\gitlab5\git-partices>git checkout main
error: Your local changes to the following files would be overwritten by checkout:
        README.md
Please commit your changes or stash them before you switch branches.
Aborting

E:\git\gitlab5\git-partices>git commit -m"added new 2nd line in local"
[fb1 d69f444] added new 2nd line in local
 1 file changed, 2 insertions(+), 1 deletion(-)

E:\git\gitlab5\git-partices>git checkout main
Switched to branch 'main'
Your branch is up to date with 'origin/main'.

E:\git\gitlab5\git-partices>git merge fb1
Updating d8e58e9..d69f444
Fast-forward
 README.md   | 7 ++++++-
 lab5txt.txt | 1 +
 2 files changed, 7 insertions(+), 1 deletion(-)
 create mode 100644 lab5txt.txt

E:\git\gitlab5\git-partices>
